n	flops
--	--
10	0.703
90	8.967
100	10
110	11.033
200	20.33
250	26.0232
300	31.7165
400	43.103
440	54.2126
450	56.99
460	59.7674
