
Expression for runtime: 
((((ceil(1 / (((1*4)*1)*1))*((n*1e+06) / CORECLOCK)))))

... simplified: 
(n*1e+06) / CORECLOCK

... with parameter expansion: 
((((ceil(1 / (((1*4)*1)*1))*((1000*1e+06) / (1*1e+09))))))

Value for runtime: 1

