
Expression for runtime: 
((((ceil(1 / ((1*1)*1))*((n*1e+06) / (MEMWIDTH*MEMCLOCK))))))

... simplified: 
(n*1e+06) / (MEMWIDTH*MEMCLOCK)

... with parameter expansion: 
((((ceil(1 / ((1*1)*1))*((1000*1e+06) / (4*(1*1e+09)))))))

Value for runtime: 0.25

