
Expression for runtime: 
((((ceil(n / ((1*1)*1))*(1e+06 / (MEMWIDTH*MEMCLOCK))))))

... simplified: 
ceil(n)*(1e+06 / (MEMWIDTH*MEMCLOCK))

... with parameter expansion: 
((((ceil(1000 / ((1*1)*1))*(1e+06 / (4*(1*1e+09)))))))

Value for runtime: 0.25

