
Expression for runtime: 
((((ceil(n / (((1*4)*1)*1))*(1e+06 / CORECLOCK)))))

... simplified: 
ceil(n*0.25)*(1e+06 / CORECLOCK)

... with parameter expansion: 
((((ceil(1000 / (((1*4)*1)*1))*(1e+06 / (1*1e+09))))))

Value for runtime: 0.25

