max(a,b) = (a > b) ? a : b
min(a,b) = (a > b) ? b : a
pow(a,b) = a ** b

sp_flops(x) = min(7488, x*47952)
sp_simd_flops(x) = min(239616, x*47952)
sp_simd_fmad_flops(x) = min(479232, x*47952)
dp_flops(x) = min(3744, x*47952)
dp_simd_flops(x) = min(119808, x*47952)
dp_simd_fmad_flops(x) = min(239616, x*47952)
# Using specified X range
set xrange [0.0625:16]

# Using specified Y range
set yrange [1000:1e+06]

set logscale x 2
set logscale y

set key top left
# X Axis Label
set xlabel "Flop:Byte Ratio"
# Y Axis Label
set ylabel "GFLOPS"
set title "Achievable GFLOPS for nvidia_m2090 on Keeneland"

plot sp_flops(x) with lines linewidth 2 ti "sp_flops", sp_simd_flops(x) with lines linewidth 2 ti "sp_simd_flops", sp_simd_fmad_flops(x) with lines linewidth 2 ti "sp_simd_fmad_flops", dp_flops(x) with lines linewidth 2 ti "dp_flops", dp_simd_flops(x) with lines linewidth 2 ti "dp_simd_flops", dp_simd_fmad_flops(x) with lines linewidth 2 ti "dp_simd_fmad_flops"
pause -1 "hit any key to continue"
